// Jest Snapshot v1, https://goo.gl/fbAQLP

exports[`pruebas en <FirstApp> Debe hacer match con snapshot 1`] = `
<div>
  <h1
    data-testid="testId"
  >
    Hola soy goku
  </h1>
  <p>
    no hay subtitulo
  </p>
</div>
`;
