// Jest Snapshot v1, https://goo.gl/fbAQLP

exports[`pruabas sobre <GifItem/> Debe hacer match con el snapshot 1`] = `
<div>
  <div
    class="MuiPaper-root MuiPaper-elevation MuiPaper-rounded MuiPaper-elevation1 MuiCard-root css-9yf9xd-MuiPaper-root-MuiCard-root"
  >
    <img
      alt="Titulo"
      class="MuiCardMedia-root MuiCardMedia-media MuiCardMedia-img css-o69gx8-MuiCardMedia-root"
      src="htpps://any.jpg"
    />
    <div
      class="MuiCardContent-root css-46bh2p-MuiCardContent-root"
    >
      Titulo
    </div>
  </div>
  <hr
    class="MuiDivider-root MuiDivider-fullWidth css-9mgopn-MuiDivider-root"
  />
</div>
`;
